{
    "$schema": "https://json-schema.org/draft-07/schema",
    "title": "JSON Schema for adur-public-toilets.csv",
    "description": "Inferred JSON Schema from QSV schema command",
    "type": "object",
    "properties": {
    "ExtractDate": {
        "description": "ExtractDate column from adur-public-toilets.csv",
        "minLength": 2,
        "maxLength": 16,
        "type": [
        "string"
        ]
    },
    "OrganisationURI": {
        "description": "OrganisationURI column from adur-public-toilets.csv",
        "minLength": 55,
        "maxLength": 55,
        "type": [
        "string"
        ]
    },
    "OrganisationLabel": {
        "description": "OrganisationLabel column from adur-public-toilets.csv",
        "minLength": 0,
        "maxLength": 4,
        "type": [
        "string",
        "null"
        ]
    },
    "ServiceTypeURI": {
        "description": "ServiceTypeURI column from adur-public-toilets.csv",
        "minLength": 32,
        "maxLength": 32,
        "type": [
        "string"
        ]
    },
    "ServiceTypeLabel": {
        "description": "ServiceTypeLabel column from adur-public-toilets.csv",
        "minLength": 14,
        "maxLength": 14,
        "type": [
        "string"
        ]
    },
    "LocationText": {
        "description": "LocationText column from adur-public-toilets.csv",
        "minLength": 40,
        "maxLength": 86,
        "type": [
        "string"
        ]
    },
    "CoordinateReferenceSystem": {
        "description": "CoordinateReferenceSystem column from adur-public-toilets.csv",
        "minLength": 5,
        "maxLength": 6,
        "type": [
        "string"
        ]
    },
    "GeoX": {
        "description": "GeoX column from adur-public-toilets.csv",
        "minimum": 518072,
        "maximum": 524401,
        "type": [
        "integer"
        ]
    },
    "GeoY": {
        "description": "GeoY column from adur-public-toilets.csv",
        "minimum": 103649,
        "maximum": 106062,
        "type": [
        "integer"
        ]
    },
    "GeoPointLicensingURL": {
        "description": "GeoPointLicensingURL column from adur-public-toilets.csv",
        "minLength": 124,
        "maxLength": 124,
        "type": [
        "string"
        ]
    },
    "Category": {
        "description": "Category column from adur-public-toilets.csv",
        "minLength": 4,
        "maxLength": 15,
        "type": [
        "string"
        ]
    },
    "AccessibleCategory": {
        "description": "AccessibleCategory column from adur-public-toilets.csv",
        "minLength": 4,
        "maxLength": 6,
        "type": [
        "string"
        ]
    },
    "RADARKeyNeeded": {
        "description": "RADARKeyNeeded column from adur-public-toilets.csv",
        "minLength": 2,
        "maxLength": 3,
        "type": [
        "string"
        ]
    },
    "BabyChange": {
        "description": "BabyChange column from adur-public-toilets.csv",
        "minLength": 2,
        "maxLength": 2,
        "type": [
        "string"
        ]
    },
    "FamilyToilet": {
        "description": "FamilyToilet column from adur-public-toilets.csv",
        "minLength": 2,
        "maxLength": 2,
        "type": [
        "string"
        ]
    },
    "ChangingPlace": {
        "description": "ChangingPlace column from adur-public-toilets.csv",
        "minLength": 2,
        "maxLength": 2,
        "type": [
        "string"
        ]
    },
    "AutomaticPublicConvenience": {
        "description": "AutomaticPublicConvenience column from adur-public-toilets.csv",
        "minLength": 2,
        "maxLength": 2,
        "type": [
        "string"
        ]
    },
    "FullTimeStaffing": {
        "description": "FullTimeStaffing column from adur-public-toilets.csv",
        "minLength": 2,
        "maxLength": 2,
        "type": [
        "string"
        ]
    },
    "PartOfCommunityScheme": {
        "description": "PartOfCommunityScheme column from adur-public-toilets.csv",
        "minLength": 2,
        "maxLength": 2,
        "type": [
        "string"
        ]
    },
    "CommunitySchemeName": {
        "description": "CommunitySchemeName column from adur-public-toilets.csv",
        "type": [
        "null"
        ]
    },
    "ChargeAmount": {
        "description": "ChargeAmount column from adur-public-toilets.csv",
        "type": [
        "null"
        ]
    },
    "InfoURL": {
        "description": "InfoURL column from adur-public-toilets.csv",
        "minLength": 66,
        "maxLength": 66,
        "type": [
        "string"
        ]
    },
    "OpeningHours": {
        "description": "OpeningHours column from adur-public-toilets.csv",
        "minLength": 0,
        "maxLength": 36,
        "type": [
        "string",
        "null"
        ]
    },
    "ManagedBy": {
        "description": "ManagedBy column from adur-public-toilets.csv",
        "minLength": 0,
        "maxLength": 3,
        "type": [
        "string",
        "null"
        ]
    },
    "ReportEmail": {
        "description": "ReportEmail column from adur-public-toilets.csv",
        "minLength": 30,
        "maxLength": 30,
        "type": [
        "string"
        ]
    },
    "ReportTel": {
        "description": "ReportTel column from adur-public-toilets.csv",
        "minLength": 12,
        "maxLength": 12,
        "type": [
        "string"
        ]
    },
    "Notes": {
        "description": "Notes column from adur-public-toilets.csv",
        "minLength": 0,
        "maxLength": 29,
        "type": [
        "string",
        "null"
        ]
    },
    "UPRN": {
        "description": "UPRN column from adur-public-toilets.csv",
        "minimum": 60001449,
        "maximum": 60034215,
        "type": [
        "integer"
        ]
    },
    "Postcode": {
        "description": "Postcode column from adur-public-toilets.csv",
        "type": [
        "null"
        ]
    },
    "StreetAddress": {
        "description": "StreetAddress column from adur-public-toilets.csv",
        "minLength": 40,
        "maxLength": 86,
        "type": [
        "string"
        ]
    },
    "GeoAreaURI": {
        "description": "GeoAreaURI column from adur-public-toilets.csv",
        "type": [
        "null"
        ]
    },
    "GeoAreaLabel": {
        "description": "GeoAreaLabel column from adur-public-toilets.csv",
        "type": [
        "null"
        ]
    }
    },
    "required": [
    "ExtractDate",
    "OrganisationURI",
    "OrganisationLabel",
    "ServiceTypeURI",
    "ServiceTypeLabel",
    "LocationText",
    "CoordinateReferenceSystem",
    "GeoX",
    "GeoY",
    "GeoPointLicensingURL",
    "Category",
    "AccessibleCategory",
    "RADARKeyNeeded",
    "BabyChange",
    "FamilyToilet",
    "ChangingPlace",
    "AutomaticPublicConvenience",
    "FullTimeStaffing",
    "PartOfCommunityScheme",
    "CommunitySchemeName",
    "ChargeAmount",
    "InfoURL",
    "OpeningHours",
    "ManagedBy",
    "ReportEmail",
    "ReportTel",
    "Notes",
    "UPRN",
    "Postcode",
    "StreetAddress",
    "GeoAreaURI",
    "GeoAreaLabel"
    ]
}
